---
http_interactions:
- request:
    method: post
    uri: https://sk_test_DoIom7ZOL848ziY39cC75lI0:@api.stripe.com/v1/customers
    body:
      encoding: UTF-8
      string: email=cc_user%40near-me.com&card[number]=4111111111111111&card[exp_month]=1&card[exp_year]=2019&card[cvc]=111&card[name]=Rowan+Atkinson
    headers:
      Content-Type:
      - application/x-www-form-urlencoded
      User-Agent:
      - Stripe/v1 ActiveMerchantBindings/1.47.0
      X-Stripe-Client-User-Agent:
      - '{"bindings_version":"1.47.0","lang":"ruby","lang_version":"2.3.1 p112 (2016-04-26)","platform":"x86_64-darwin15","publisher":"active_merchant"}'
      X-Stripe-Client-User-Metadata:
      - '{"ip":null}'
      Stripe-Version:
      - '2017-06-05'
      Accept-Encoding:
      - gzip;q=1.0,deflate;q=0.6,identity;q=0.3
      Accept:
      - "*/*"
  response:
    status:
      code: 200
      message: OK
    headers:
      Server:
      - nginx
      Date:
      - Wed, 12 Jul 2017 00:27:38 GMT
      Content-Type:
      - application/json
      Content-Length:
      - '1409'
      Connection:
      - keep-alive
      Access-Control-Allow-Credentials:
      - 'true'
      Access-Control-Allow-Methods:
      - GET, POST, HEAD, OPTIONS, DELETE
      Access-Control-Allow-Origin:
      - "*"
      Access-Control-Max-Age:
      - '300'
      Cache-Control:
      - no-cache, no-store
      Request-Id:
      - req_B0Zr6sEiEUt9cJ
      Stripe-Version:
      - '2017-06-05'
      Strict-Transport-Security:
      - max-age=31556926; includeSubDomains
    body:
      encoding: UTF-8
      string: |
        {
          "id": "cus_B0ZryLEiDRB8ru",
          "object": "customer",
          "account_balance": 0,
          "created": 1499819258,
          "currency": null,
          "default_source": "card_1AeYhaK2MWM5GsITchouYXNU",
          "delinquent": false,
          "description": null,
          "discount": null,
          "email": "cc_user@near-me.com",
          "livemode": false,
          "metadata": {},
          "shipping": null,
          "sources": {
            "object": "list",
            "data": [
              {
                "id": "card_1AeYhaK2MWM5GsITchouYXNU",
                "object": "card",
                "address_city": null,
                "address_country": null,
                "address_line1": null,
                "address_line1_check": null,
                "address_line2": null,
                "address_state": null,
                "address_zip": null,
                "address_zip_check": null,
                "brand": "Visa",
                "country": "US",
                "customer": "cus_B0ZryLEiDRB8ru",
                "cvc_check": "pass",
                "dynamic_last4": null,
                "exp_month": 1,
                "exp_year": 2019,
                "fingerprint": "CtVQWwJF8UOWYf83",
                "funding": "unknown",
                "last4": "1111",
                "metadata": {},
                "name": "Rowan Atkinson",
                "tokenization_method": null
              }
            ],
            "has_more": false,
            "total_count": 1,
            "url": "/v1/customers/cus_B0ZryLEiDRB8ru/sources"
          },
          "subscriptions": {
            "object": "list",
            "data": [],
            "has_more": false,
            "total_count": 0,
            "url": "/v1/customers/cus_B0ZryLEiDRB8ru/subscriptions"
          }
        }
    http_version: 
  recorded_at: Wed, 12 Jul 2017 00:27:38 GMT
- request:
    method: post
    uri: https://sk_test_DoIom7ZOL848ziY39cC75lI0:@api.stripe.com/v1/charges
    body:
      encoding: UTF-8
      string: amount=1670&currency=usd&card=card_1AeYhaK2MWM5GsITchouYXNU&customer=cus_B0ZryLEiDRB8ru&payment_user_agent=Stripe%2Fv1+ActiveMerchantBindings%2F1.47.0
    headers:
      Content-Type:
      - application/x-www-form-urlencoded
      User-Agent:
      - Stripe/v1 ActiveMerchantBindings/1.47.0
      X-Stripe-Client-User-Agent:
      - '{"bindings_version":"1.47.0","lang":"ruby","lang_version":"2.3.1 p112 (2016-04-26)","platform":"x86_64-darwin15","publisher":"active_merchant"}'
      X-Stripe-Client-User-Metadata:
      - '{"ip":null}'
      Stripe-Version:
      - '2017-06-05'
      Accept-Encoding:
      - gzip;q=1.0,deflate;q=0.6,identity;q=0.3
      Accept:
      - "*/*"
  response:
    status:
      code: 200
      message: OK
    headers:
      Server:
      - nginx
      Date:
      - Wed, 12 Jul 2017 00:27:40 GMT
      Content-Type:
      - application/json
      Content-Length:
      - '1785'
      Connection:
      - keep-alive
      Access-Control-Allow-Credentials:
      - 'true'
      Access-Control-Allow-Methods:
      - GET, POST, HEAD, OPTIONS, DELETE
      Access-Control-Allow-Origin:
      - "*"
      Access-Control-Max-Age:
      - '300'
      Cache-Control:
      - no-cache, no-store
      Request-Id:
      - req_B0Zre3YayKlPJ0
      Stripe-Version:
      - '2017-06-05'
      Strict-Transport-Security:
      - max-age=31556926; includeSubDomains
    body:
      encoding: UTF-8
      string: |
        {
          "id": "ch_1AeYhbK2MWM5GsIThkMEaf7y",
          "object": "charge",
          "amount": 1670,
          "amount_refunded": 0,
          "application": null,
          "application_fee": null,
          "balance_transaction": "txn_1AeYhcK2MWM5GsITKpHWycRE",
          "captured": true,
          "created": 1499819259,
          "currency": "usd",
          "customer": "cus_B0ZryLEiDRB8ru",
          "description": null,
          "destination": null,
          "dispute": null,
          "failure_code": null,
          "failure_message": null,
          "fraud_details": {},
          "invoice": null,
          "livemode": false,
          "metadata": {},
          "on_behalf_of": null,
          "order": null,
          "outcome": {
            "network_status": "approved_by_network",
            "reason": null,
            "risk_level": "normal",
            "seller_message": "Payment complete.",
            "type": "authorized"
          },
          "paid": true,
          "receipt_email": null,
          "receipt_number": null,
          "refunded": false,
          "refunds": {
            "object": "list",
            "data": [],
            "has_more": false,
            "total_count": 0,
            "url": "/v1/charges/ch_1AeYhbK2MWM5GsIThkMEaf7y/refunds"
          },
          "review": null,
          "shipping": null,
          "source": {
            "id": "card_1AeYhaK2MWM5GsITchouYXNU",
            "object": "card",
            "address_city": null,
            "address_country": null,
            "address_line1": null,
            "address_line1_check": null,
            "address_line2": null,
            "address_state": null,
            "address_zip": null,
            "address_zip_check": null,
            "brand": "Visa",
            "country": "US",
            "customer": "cus_B0ZryLEiDRB8ru",
            "cvc_check": "pass",
            "dynamic_last4": null,
            "exp_month": 1,
            "exp_year": 2019,
            "fingerprint": "CtVQWwJF8UOWYf83",
            "funding": "unknown",
            "last4": "1111",
            "metadata": {},
            "name": "Rowan Atkinson",
            "tokenization_method": null
          },
          "source_transfer": null,
          "statement_descriptor": null,
          "status": "succeeded",
          "transfer_group": null
        }
    http_version: 
  recorded_at: Wed, 12 Jul 2017 00:27:40 GMT
- request:
    method: get
    uri: https://api.stripe.com/v1/balance/history/txn_1AeYhcK2MWM5GsITKpHWycRE
    body:
      encoding: US-ASCII
      string: ''
    headers:
      User-Agent:
      - Stripe/v1 RubyBindings/3.0.0
      Authorization:
      - Bearer sk_test_DoIom7ZOL848ziY39cC75lI0
      Content-Type:
      - application/x-www-form-urlencoded
      Stripe-Version:
      - '2017-06-05'
      X-Stripe-Client-User-Agent:
      - '{"bindings_version":"3.0.0","lang":"ruby","lang_version":"2.3.1 p112 (2016-04-26)","platform":"x86_64-darwin15","engine":"ruby","publisher":"stripe","uname":"Darwin
        MacBook-Pro 15.6.0 Darwin Kernel Version 15.6.0: Tue Apr 11 16:00:51 PDT 2017;
        root:xnu-3248.60.11.5.3~1/RELEASE_X86_64 x86_64","hostname":"MacBook-Pro"}'
      Accept-Encoding:
      - gzip;q=1.0,deflate;q=0.6,identity;q=0.3
      Accept:
      - "*/*"
  response:
    status:
      code: 200
      message: OK
    headers:
      Server:
      - nginx
      Date:
      - Wed, 12 Jul 2017 00:27:41 GMT
      Content-Type:
      - application/json
      Content-Length:
      - '491'
      Connection:
      - keep-alive
      Access-Control-Allow-Credentials:
      - 'true'
      Access-Control-Allow-Methods:
      - GET, POST, HEAD, OPTIONS, DELETE
      Access-Control-Allow-Origin:
      - "*"
      Access-Control-Max-Age:
      - '300'
      Cache-Control:
      - no-cache, no-store
      Request-Id:
      - req_B0ZrVaiSuGSxnr
      Stripe-Version:
      - '2017-06-05'
      Strict-Transport-Security:
      - max-age=31556926; includeSubDomains
    body:
      encoding: UTF-8
      string: |
        {
          "id": "txn_1AeYhcK2MWM5GsITKpHWycRE",
          "object": "balance_transaction",
          "amount": 1670,
          "available_on": 1500422400,
          "created": 1499819259,
          "currency": "usd",
          "description": null,
          "fee": 78,
          "fee_details": [
            {
              "amount": 78,
              "application": null,
              "currency": "usd",
              "description": "Stripe processing fees",
              "type": "stripe_fee"
            }
          ],
          "net": 1592,
          "source": "ch_1AeYhbK2MWM5GsIThkMEaf7y",
          "status": "pending",
          "type": "charge"
        }
    http_version: 
  recorded_at: Wed, 12 Jul 2017 00:27:41 GMT
- request:
    method: post
    uri: https://sk_test_DoIom7ZOL848ziY39cC75lI0:@api.stripe.com/v1/charges
    body:
      encoding: UTF-8
      string: amount=1670&currency=usd&&payment_user_agent=Stripe%2Fv1+ActiveMerchantBindings%2F1.47.0
    headers:
      Content-Type:
      - application/x-www-form-urlencoded
      User-Agent:
      - Stripe/v1 ActiveMerchantBindings/1.47.0
      X-Stripe-Client-User-Agent:
      - '{"bindings_version":"1.47.0","lang":"ruby","lang_version":"2.3.1 p112 (2016-04-26)","platform":"x86_64-darwin15","publisher":"active_merchant"}'
      X-Stripe-Client-User-Metadata:
      - '{"ip":null}'
      Stripe-Version:
      - '2017-06-05'
      Accept-Encoding:
      - gzip;q=1.0,deflate;q=0.6,identity;q=0.3
      Accept:
      - "*/*"
  response:
    status:
      code: 400
      message: Bad Request
    headers:
      Server:
      - nginx
      Date:
      - Wed, 12 Jul 2017 00:27:42 GMT
      Content-Type:
      - application/json
      Content-Length:
      - '108'
      Connection:
      - keep-alive
      Access-Control-Allow-Credentials:
      - 'true'
      Access-Control-Allow-Methods:
      - GET, POST, HEAD, OPTIONS, DELETE
      Access-Control-Allow-Origin:
      - "*"
      Access-Control-Max-Age:
      - '300'
      Cache-Control:
      - no-cache, no-store
      Request-Id:
      - req_B0ZroVU3NXtLkR
      Stripe-Version:
      - '2017-06-05'
    body:
      encoding: UTF-8
      string: |
        {
          "error": {
            "type": "invalid_request_error",
            "message": "Must provide source or customer."
          }
        }
    http_version: 
  recorded_at: Wed, 12 Jul 2017 00:27:42 GMT
recorded_with: VCR 3.0.3
